                                                                                
                                                                                
                                                                                
                                                                                
                                                                                
                                                                                
                                                                                
            ╭──────────────────────────────────────────────────────╮            
            │                                                      │            
            │   Prune worktree for session: feat-auth              │            
            │   Path: /home/user/repos/myapp/worktrees/feat-auth   │            
            │                                                      │            
            │   Session is stopped and will also be deleted.       │            
            │                                                      │            
            │   y:confirm  n:cancel                                │            
            │                                                      │            
            ╰──────────────────────────────────────────────────────╯            
                                                                                
                                                                                
                                                                                
                                                                                
                                                                                
                                                                                
                                                                                