grove │ 0 running / 0 stopped / 0 finished
                                                                                
                                                                                
                                                                                
                                                                                
                                                                                
                                                                                
                                                                                
                                       ◇                                        
                                No sessions yet                                 
                       Start your first AI coding session                       
                                                                                
                                 n new session                                  
                                                                                
                                                                                
                                                                                
                                                                                
                                                                                
                                                                                
                                                                                