  Peek: test-session (grove_test)                                               
hello world                                                                     
line 2                                                                          
line 3                                                                          
                                                                                
                                                                                
                                                                                
                                                                                
                                                                                
                                                                                
                                                                                
                                                                                
                                                                                
                                                                                
                                                                                
                                                                                
                                                                                
                                                                                
                                                                                
                                                                                
                                                                                
                                                                                
                                                                                
 esc:back  enter:attach  ↑↓:scroll                                              